------------------------------------------------------------
TimeQuest Timing Analyzer Summary
------------------------------------------------------------

Type  : Slow 1100mV 85C Model Setup 'clk'
Slack : -0.487
TNS   : -1.179

Type  : Slow 1100mV 85C Model Hold 'clk'
Slack : 0.521
TNS   : 0.000

Type  : Slow 1100mV 85C Model Minimum Pulse Width 'clk'
Slack : -0.394
TNS   : -1.570

Type  : Slow 1100mV 0C Model Setup 'clk'
Slack : -0.511
TNS   : -1.239

Type  : Slow 1100mV 0C Model Hold 'clk'
Slack : 0.473
TNS   : 0.000

Type  : Slow 1100mV 0C Model Minimum Pulse Width 'clk'
Slack : -0.394
TNS   : -1.721

Type  : Fast 1100mV 85C Model Setup 'clk'
Slack : 0.120
TNS   : 0.000

Type  : Fast 1100mV 85C Model Hold 'clk'
Slack : 0.310
TNS   : 0.000

Type  : Fast 1100mV 85C Model Minimum Pulse Width 'clk'
Slack : -0.074
TNS   : -0.220

Type  : Fast 1100mV 0C Model Setup 'clk'
Slack : 0.168
TNS   : 0.000

Type  : Fast 1100mV 0C Model Hold 'clk'
Slack : 0.286
TNS   : 0.000

Type  : Fast 1100mV 0C Model Minimum Pulse Width 'clk'
Slack : -0.077
TNS   : -0.229

------------------------------------------------------------
